[23:33:06] [main/INFO] (FabricLoader/GameProvider) Loading Minecraft 1.21.11 with Fabric Loader 0.18.6
[23:33:06] [ForkJoinPool-1-worker-2/WARN] (FabricLoader/Metadata) Mod reverie_dreams_polymerify uses the version ${version} which isn't compatible with Loader's extended semantic version format (Could not parse version number component '${version}'!), SemVer is recommended for reliably evaluating dependencies and prioritizing newer version
[23:33:06] [main/INFO] (FabricLoader) Loading 84 mods:
	- balm 21.11.8
	- bil 2.0.2+1.21.11
	- booklet 0.1.0+1.21.11
	- camera-obscura 1.2.2+1.21.11
	- cloth-basic-math 0.6.1
	- cloth-config 21.11.153
	- fabric-api 0.141.3+1.21.11
	- fabric-api-base 1.0.5+4ebb5c0853
	- fabric-api-lookup-api-v1 1.6.114+20dc27073e
	- fabric-biome-api-v1 17.1.1+4fc5413f53
	- fabric-block-api-v1 1.1.10+4ebb5c0853
	- fabric-block-view-api-v2 1.0.39+4ebb5c0853
	- fabric-client-gametest-api-v1 4.3.5+bfe9fcf453
	- fabric-command-api-v2 2.4.7+6b42a6003e
	- fabric-content-registries-v0 10.2.14+4fc5413f53
	- fabric-convention-tags-v1 2.1.55+7f945d5b53
	- fabric-convention-tags-v2 2.17.3+8ef948ba53
	- fabric-crash-report-info-v1 0.3.23+4ebb5c0853
	- fabric-data-attachment-api-v1 1.8.47+eed0806f3e
	- fabric-data-generation-api-v1 23.4.0+69974c4e3e
	- fabric-dimensions-v1 4.0.28+4fc5413f53
	- fabric-entity-events-v1 3.1.1+1d0ab4303e
	- fabric-events-interaction-v0 4.1.0+3b89ecf63e
	- fabric-game-rule-api-v1 2.0.3+4fc5413f53
	- fabric-gametest-api-v1 3.1.27+4fc5413f53
	- fabric-item-api-v1 11.5.20+d0c46b9e3e
	- fabric-item-group-api-v1 4.2.36+4fc5413f53
	- fabric-key-binding-api-v1 1.1.7+4fc5413f53
	- fabric-lifecycle-events-v1 2.6.15+4ebb5c0853
	- fabric-loot-api-v2 3.0.73+3f89f5a553
	- fabric-loot-api-v3 2.0.20+78c8b46653
	- fabric-message-api-v1 6.1.12+4ebb5c0853
	- fabric-model-loading-api-v1 6.0.15+4fc5413f3e
	- fabric-networking-api-v1 5.1.5+ae1e07683e
	- fabric-object-builder-api-v1 21.1.39+4fc5413f3e
	- fabric-particles-v1 4.2.11+4fc5413f3e
	- fabric-permissions-api-v0 0.6.1
	- fabric-recipe-api-v1 8.2.3+4ebb5c083e
	- fabric-registry-sync-v0 6.2.5+1718722b3e
	- fabric-renderer-api-v1 8.0.3+f4ffd2e53e
	- fabric-renderer-indigo 5.0.3+f4ffd2e53e
	- fabric-rendering-fluids-v1 3.1.43+4ebb5c0853
	- fabric-rendering-v1 16.2.10+0290ad933e
	- fabric-resource-conditions-api-v1 5.0.35+4fc5413f53
	- fabric-resource-loader-v0 3.3.4+4fc5413f53
	- fabric-resource-loader-v1 1.0.10+78c8b46653
	- fabric-screen-api-v1 3.1.7+4ebb5c0853
	- fabric-screen-handler-api-v1 1.3.161+4fc5413f3e
	- fabric-serialization-api-v1 1.0.5+4ebb5c0853
	- fabric-sound-api-v1 1.0.51+4fc5413f53
	- fabric-tag-api-v1 1.2.20+4fc5413f53
	- fabric-transfer-api-v1 6.0.25+4fc5413f3e
	- fabric-transitive-access-wideners-v1 7.1.0+014c8cec3e
	- fabricloader 0.18.6
	- factorytools 0.9.3+1.21.11
	- geckolib 5.4.5
	- java 21
	- keine 1.0.0
	- kuma_api 21.11.12
	- map-canvas-api 0.7.0+1.21.11
	- minecraft 1.21.11
	- mixinextras 0.5.3
	- modmenu 17.0.0-beta.2
	- packet_tweaker 0.6.0+1.21.10
	- placeholder-api 2.8.2+1.21.10
	- polydex 1.8.1+1.21.11
	   |-- player-data-api 0.9.1+1.21.11
	   |-- predicate-api 0.7.0+1.21.11
	   |-- sgui 1.12.0+1.21.11
	   \-- sidebar-api 0.5.0+1.21
	- polymer-autohost 0.15.1+1.21.11
	- polymer-blocks 0.15.1+1.21.11
	- polymer-common 0.15.1+1.21.11
	- polymer-core 0.15.1+1.21.11
	- polymer-networking 0.15.1+1.21.11
	- polymer-registry-sync-manipulator 0.15.1+1.21.11
	- polymer-resource-pack 0.15.1+1.21.11
	- polymer-resource-pack-extras 0.15.1+1.21.11
	- polymer-sound-patcher 0.15.1+1.21.11
	- polymer-virtual-entity 0.15.1+1.21.11
	- reverie_dreams 0.4.18
	- reverie_dreams_polymerify ${version}
	   |-- gg_moonflower_molang-compiler 3.1.1.19
	   \-- sgui 1.12.0+1.21.11
	- server_translations_api 2.5.2+1.21.9-pre3
[23:33:15] [main/INFO] (FabricLoader/Mixin) SpongePowered MIXIN Subsystem Version=0.8.7 Source=file:/E:/.gradle/caches/modules-2/files-2.1/net.fabricmc/sponge-mixin/0.17.0+mixin.0.8.7/cf31463202f72d03b0ef1e1e38e8ee71b7faaab6/sponge-mixin-0.17.0+mixin.0.8.7.jar Service=Knot/Fabric Env=CLIENT
[23:33:15] [main/INFO] (FabricLoader/Mixin) Loaded Fabric development mappings for mixin remapper!
[23:33:16] [main/INFO] (FabricLoader/Mixin) Compatibility level set to JAVA_21
[23:33:16] [main/WARN] (FabricLoader/Mixin) Reference map 'geckolib.refmap.json' for geckolib.mixins.json could not be read. If this is a development environment you can ignore this message
[23:33:16] [main/WARN] (FabricLoader/Mixin) Reference map 'reverie_dreams.refmap.json' for reverie_dreams.mixins.json could not be read. If this is a development environment you can ignore this message
[23:33:16] [main/WARN] (FabricLoader/Mixin) Reference map 'keine.refmap.json' for keine.mixins.json could not be read. If this is a development environment you can ignore this message
[23:33:16] [main/WARN] (FabricLoader/Mixin) Reference map 'kuma_api.refmap.json' for kuma_api.mixins.json could not be read. If this is a development environment you can ignore this message
[23:33:16] [main/WARN] (FabricLoader/Mixin) Reference map 'kuma_api.refmap.json' for kuma_api.fabric.mixins.json could not be read. If this is a development environment you can ignore this message
[23:33:16] [main/WARN] (FabricLoader/Mixin) Reference map 'balm.refmap.json' for balm.mixins.json could not be read. If this is a development environment you can ignore this message
[23:33:16] [main/WARN] (FabricLoader/Mixin) Reference map 'balm.refmap.json' for balm.api.mixins.json could not be read. If this is a development environment you can ignore this message
[23:33:16] [main/WARN] (FabricLoader/Mixin) Reference map 'balm.refmap.json' for balm.fabric.mixins.json could not be read. If this is a development environment you can ignore this message
[23:33:17] [main/WARN] (FabricLoader/Mixin) Error loading class: com/blamejared/controlling/client/NewKeyBindsList$KeyEntry (java.lang.ClassNotFoundException: com/blamejared/controlling/client/NewKeyBindsList$KeyEntry)
[23:33:17] [main/WARN] (FabricLoader/Mixin) @Mixin target com.blamejared.controlling.client.NewKeyBindsList$KeyEntry was not found kuma_api.mixins.json:controlling.ControllingKeyEntryMixin from mod kuma_api
[23:33:17] [main/INFO] (FabricLoader/MixinExtras|Service) Initializing MixinExtras via com.llamalad7.mixinextras.service.MixinExtrasServiceImpl(version=0.5.3).
[23:33:20] [Datafixer Bootstrap/INFO] (Minecraft) 287 Datafixer optimizations took 760 milliseconds
[23:33:30] [Render thread/INFO] (Minecraft) Environment: Environment[sessionHost=https://sessionserver.mojang.com, servicesHost=https://api.minecraftservices.com, profilesHost=https://api.mojang.com, name=PROD]
[23:33:30] [Render thread/INFO] (Minecraft) Setting user: Player802
[23:33:30] [Render thread/WARN] (reverie_dreams) =====================================================
[23:33:30] [Render thread/WARN] (reverie_dreams) You are using development version of Gensokyo: Reverie of Lost Dreams!
[23:33:30] [Render thread/WARN] (reverie_dreams) Support is limited, as features might be unfinished!
[23:33:30] [Render thread/WARN] (reverie_dreams) You are on your own!
[23:33:30] [Render thread/WARN] (reverie_dreams) =====================================================
[23:33:30] [Render thread/INFO] (reverie_dreams) Loaded Gensokyo: Reverie of Lost Dreams
[23:33:31] [Download-2/ERROR] (Minecraft) Failed to fetch user properties
com.mojang.authlib.exceptions.InvalidCredentialsException: Status: 401
	at knot//com.mojang.authlib.exceptions.MinecraftClientHttpException.toAuthenticationException(MinecraftClientHttpException.java:59)
	at knot//com.mojang.authlib.yggdrasil.YggdrasilUserApiService.fetchProperties(YggdrasilUserApiService.java:150)
	at knot//net.minecraft.client.Minecraft.method_55608(Minecraft.java:457)
	at java.base/java.util.concurrent.CompletableFuture$AsyncSupply.run(CompletableFuture.java:1768)
	at java.base/java.util.concurrent.ThreadPoolExecutor.runWorker(ThreadPoolExecutor.java:1144)
	at java.base/java.util.concurrent.ThreadPoolExecutor$Worker.run(ThreadPoolExecutor.java:642)
	at java.base/java.lang.Thread.run(Thread.java:1583)
Caused by: com.mojang.authlib.exceptions.MinecraftClientHttpException: Status: 401
	at knot//com.mojang.authlib.minecraft.client.MinecraftClient.readInputStream(MinecraftClient.java:103)
	at knot//com.mojang.authlib.minecraft.client.MinecraftClient.get(MinecraftClient.java:56)
	at knot//com.mojang.authlib.yggdrasil.YggdrasilUserApiService.fetchProperties(YggdrasilUserApiService.java:121)
	... 5 more
[23:33:31] [Render thread/WARN] (FabricLoader/Mixin) Method overwrite conflict for pool in fabric-loot-api-v3.mixins.json:LootTableBuilderMixin from mod fabric-loot-api-v3, previously written by cc.thonly.keine.mixin.LootTableBuilderMixin. Skipping method.
[23:33:31] [Render thread/WARN] (FabricLoader/Mixin) Method overwrite conflict for apply in fabric-loot-api-v3.mixins.json:LootTableBuilderMixin from mod fabric-loot-api-v3, previously written by cc.thonly.keine.mixin.LootTableBuilderMixin. Skipping method.
[23:33:31] [Render thread/WARN] (FabricLoader/Mixin) Method overwrite conflict for pools in fabric-loot-api-v3.mixins.json:LootTableBuilderMixin from mod fabric-loot-api-v3, previously written by cc.thonly.keine.mixin.LootTableBuilderMixin. Skipping method.
[23:33:31] [Render thread/WARN] (FabricLoader/Mixin) Method overwrite conflict for apply in fabric-loot-api-v3.mixins.json:LootTableBuilderMixin from mod fabric-loot-api-v3, previously written by cc.thonly.keine.mixin.LootTableBuilderMixin. Skipping method.
[23:33:31] [Render thread/WARN] (FabricLoader/Mixin) Method overwrite conflict for modifyPools in fabric-loot-api-v3.mixins.json:LootTableBuilderMixin from mod fabric-loot-api-v3, previously written by cc.thonly.keine.mixin.LootTableBuilderMixin. Skipping method.
[23:33:32] [Render thread/INFO] (ModelUtil) Loaded model reverie_dreams:yousei_wing
[23:33:32] [Render thread/INFO] (ModelUtil) Loaded model reverie_dreams:hairball
[23:33:32] [Render thread/INFO] (ModelUtil) Loaded model reverie_dreams:black_hairball
[23:33:32] [Render thread/INFO] (ModelUtil) Loaded model reverie_dreams:mushroom_monster
[23:33:32] [Render thread/INFO] (ModelUtil) Loaded model reverie_dreams:ufo
[23:33:32] [Render thread/INFO] (ModelUtil) Loaded model reverie_dreams:scarecrow
[23:33:32] [ForkJoinPool.commonPool-worker-3/INFO] (reverie_dreams) You're using a newer version than latest: cc.thonly.reverie_dreams.util.LazySupplier$Impl@20a7a23a
[23:33:33] [Render thread/INFO] (reverie_dreams) Loaded Compat for polydex
[23:33:33] [Render thread/INFO] (reverie_dreams) Loaded Compat for minecraft
[23:33:34] [Render thread/INFO] (Indigo) [Indigo] Registering Indigo renderer!
[23:33:34] [Render thread/INFO] (Mod Menu/Update Checker) Checking mod updates...
[23:33:34] [Render thread/INFO] (Minecraft) Backend library: LWJGL version 3.3.3-snapshot
[23:33:35] [ModMenu/Update Checker/Fabric Loader/INFO] (Mod Menu/Update Checker) Update available for 'fabricloader@0.18.6'
[23:33:35] [Render thread/INFO] (Minecraft) Using optional rendering extensions: GL_ARB_buffer_storage, GL_KHR_debug, GL_ARB_vertex_attrib_binding, GL_ARB_direct_state_access, GL_EXT_texture_filter_anisotropic
[23:33:40] [Render thread/INFO] (Minecraft) Reloading ResourceManager: vanilla, balm, bil, booklet, cloth-config, fabric-api, fabric-api-base, fabric-api-lookup-api-v1, fabric-biome-api-v1, fabric-block-api-v1, fabric-block-view-api-v2, fabric-client-gametest-api-v1, fabric-command-api-v2, fabric-content-registries-v0, fabric-convention-tags-v1, fabric-convention-tags-v2, fabric-crash-report-info-v1, fabric-data-attachment-api-v1, fabric-data-generation-api-v1, fabric-dimensions-v1, fabric-entity-events-v1, fabric-events-interaction-v0, fabric-game-rule-api-v1, fabric-gametest-api-v1, fabric-item-api-v1, fabric-item-group-api-v1, fabric-key-binding-api-v1, fabric-lifecycle-events-v1, fabric-loot-api-v2, fabric-loot-api-v3, fabric-message-api-v1, fabric-model-loading-api-v1, fabric-networking-api-v1, fabric-object-builder-api-v1, fabric-particles-v1, fabric-recipe-api-v1, fabric-registry-sync-v0, fabric-renderer-api-v1, fabric-renderer-indigo, fabric-rendering-fluids-v1, fabric-rendering-v1, fabric-resource-conditions-api-v1, fabric-resource-loader-v0, fabric-resource-loader-v1, fabric-screen-api-v1, fabric-screen-handler-api-v1, fabric-serialization-api-v1, fabric-sound-api-v1, fabric-tag-api-v1, fabric-transfer-api-v1, fabric-transitive-access-wideners-v1, fabricloader, factorytools, kuma_api, modmenu, placeholder-api, polydex, polymer-blocks, polymer-core, polymer-resource-pack, reverie_dreams, $polymer-resources
[23:33:40] [Download-1/INFO] (Minecraft) Could not authorize you against Realms server: java.lang.RuntimeException: Failed to parse into SignedJWT: FabricMC
[23:33:40] [Download-1/ERROR] (Minecraft) Failed to fetch Realms feature flags
com.mojang.realmsclient.exception.RealmsServiceException: Realms authentication error with message 'java.lang.RuntimeException: Failed to parse into SignedJWT: FabricMC'
	at knot//com.mojang.realmsclient.client.RealmsClient.execute(RealmsClient.java:526)
	at knot//com.mojang.realmsclient.client.RealmsClient.fetchFeatureFlags(RealmsClient.java:186)
	at java.base/java.util.concurrent.CompletableFuture$AsyncSupply.run(CompletableFuture.java:1768)
	at java.base/java.util.concurrent.ThreadPoolExecutor.runWorker(ThreadPoolExecutor.java:1144)
	at java.base/java.util.concurrent.ThreadPoolExecutor$Worker.run(ThreadPoolExecutor.java:642)
	at java.base/java.lang.Thread.run(Thread.java:1583)
[23:33:40] [Worker-Main-4/WARN] (Minecraft) File reverie_dreams:sounds/empty.ogg does not exist, cannot add it to event reverie_dreams:empty
[23:33:40] [Worker-Main-4/WARN] (Minecraft) File reverie_dreams:sounds/empty.ogg does not exist, cannot add it to event reverie_dreams:empty
[23:33:40] [Worker-Main-1/ERROR] (ModNioPackResources) Invalid path in mod resource-pack reverie_dreams: reverie_dreams:textures/item/bullet/Deprecated, ignoring
[23:33:41] [Worker-Main-1/WARN] (Minecraft) Invalid path in datapack: reverie_dreams:textures/item/bullet/Deprecated, ignoring
[23:33:41] [Worker-Main-7/INFO] (Minecraft) Found unifont_all_no_pua-17.0.01.hex, loading
[23:33:41] [Worker-Main-10/INFO] (Minecraft) Found unifont_pua-17.0.01.hex, loading
[23:33:41] [Worker-Main-4/INFO] (Minecraft) Found unifont_jp_patch-17.0.01.hex, loading
[23:33:41] [Worker-Main-9/WARN] (Minecraft) Texture reverie_dreams:block/fumo/flanny_wings with size 29x8 limits mip level from 4 to 0
[23:33:41] [Worker-Main-9/WARN] (Minecraft) minecraft:textures/atlas/blocks.png: dropping miplevel from 4 to 0, because of minimum power of two: 1
[23:33:42] [Worker-Main-5/WARN] (Minecraft) Missing block model: minecraft:keyboard
[23:33:43] [Worker-Main-3/WARN] (Minecraft) Missing texture references in model reverie_dreams:item/holder/yousei_wing_holder:
    particle
[23:33:43] [Worker-Main-3/WARN] (Minecraft) Missing texture references in model reverie_dreams:block/silver_chest:
    #missing
[23:33:44] [Render thread/INFO] (Minecraft) OpenAL initialized on device OpenAL Soft on 扬声器 (Realtek High Definition Audio)
[23:33:44] [Render thread/INFO] (Minecraft) Sound engine started
[23:33:44] [Render thread/INFO] (Minecraft) Created: 512x256x0 minecraft:textures/atlas/particles.png-atlas
[23:33:44] [Render thread/INFO] (Minecraft) Created: 128x128x0 minecraft:textures/atlas/decorated_pot.png-atlas
[23:33:44] [Render thread/INFO] (Minecraft) Created: 2048x1024x0 minecraft:textures/atlas/armor_trims.png-atlas
[23:33:44] [Render thread/INFO] (Minecraft) Created: 512x256x0 minecraft:textures/atlas/paintings.png-atlas
[23:33:44] [Render thread/INFO] (Minecraft) Created: 1024x512x0 minecraft:textures/atlas/shield_patterns.png-atlas
[23:33:44] [Render thread/INFO] (Minecraft) Created: 2048x2048x0 minecraft:textures/atlas/blocks.png-atlas
[23:33:44] [Render thread/INFO] (Minecraft) Created: 512x512x0 minecraft:textures/atlas/chest.png-atlas
[23:33:44] [Render thread/INFO] (Minecraft) Created: 256x128x0 minecraft:textures/atlas/celestials.png-atlas
[23:33:44] [Render thread/INFO] (Minecraft) Created: 1024x512x0 minecraft:textures/atlas/banner_patterns.png-atlas
[23:33:44] [Render thread/INFO] (Minecraft) Created: 512x512x0 minecraft:textures/atlas/beds.png-atlas
[23:33:44] [Render thread/INFO] (Minecraft) Created: 2048x2048x0 minecraft:textures/atlas/items.png-atlas
[23:33:44] [Render thread/INFO] (Minecraft) Created: 1024x1024x0 minecraft:textures/atlas/gui.png-atlas
[23:33:44] [Render thread/INFO] (Minecraft) Created: 128x64x0 minecraft:textures/atlas/map_decorations.png-atlas
[23:33:44] [Render thread/INFO] (Minecraft) Created: 512x256x0 minecraft:textures/atlas/signs.png-atlas
[23:33:44] [Render thread/INFO] (Minecraft) Created: 512x512x0 minecraft:textures/atlas/shulker_boxes.png-atlas
[23:33:45] [IO-Worker-1/INFO] (Minecraft) Could not authorize you against Realms server: java.lang.RuntimeException: Failed to parse into SignedJWT: FabricMC
[23:33:45] [IO-Worker-1/ERROR] (Minecraft) Couldn't connect to realms
com.mojang.realmsclient.exception.RealmsServiceException: Realms authentication error with message 'java.lang.RuntimeException: Failed to parse into SignedJWT: FabricMC'
	at knot//com.mojang.realmsclient.client.RealmsClient.execute(RealmsClient.java:526)
	at knot//com.mojang.realmsclient.client.RealmsClient.clientCompatible(RealmsClient.java:307)
	at knot//com.mojang.realmsclient.RealmsAvailability.method_52627(RealmsAvailability.java:48)
	at java.base/java.util.concurrent.CompletableFuture$AsyncSupply.run(CompletableFuture.java:1768)
	at java.base/java.util.concurrent.ThreadPoolExecutor.runWorker(ThreadPoolExecutor.java:1144)
	at java.base/java.util.concurrent.ThreadPoolExecutor$Worker.run(ThreadPoolExecutor.java:642)
	at java.base/java.lang.Thread.run(Thread.java:1583)
[23:33:53] [Render thread/INFO] (Minecraft) Resizing Dynamic Transforms UBO, capacity limit of 2 reached during a single frame. New capacity will be 4.
[23:33:54] [Worker-Main-7/WARN] (FabricLoader/Mixin) Method overwrite conflict for with in fabric-loot-api-v3.mixins.json:LootPoolBuilderMixin from mod fabric-loot-api-v3, previously written by cc.thonly.keine.mixin.LootPoolBuilderMixin. Skipping method.
[23:33:54] [Worker-Main-7/WARN] (FabricLoader/Mixin) Method overwrite conflict for with in fabric-loot-api-v3.mixins.json:LootPoolBuilderMixin from mod fabric-loot-api-v3, previously written by cc.thonly.keine.mixin.LootPoolBuilderMixin. Skipping method.
[23:33:54] [Worker-Main-7/WARN] (FabricLoader/Mixin) Method overwrite conflict for conditionally in fabric-loot-api-v3.mixins.json:LootPoolBuilderMixin from mod fabric-loot-api-v3, previously written by cc.thonly.keine.mixin.LootPoolBuilderMixin. Skipping method.
[23:33:54] [Worker-Main-7/WARN] (FabricLoader/Mixin) Method overwrite conflict for conditionally in fabric-loot-api-v3.mixins.json:LootPoolBuilderMixin from mod fabric-loot-api-v3, previously written by cc.thonly.keine.mixin.LootPoolBuilderMixin. Skipping method.
[23:33:54] [Worker-Main-7/WARN] (FabricLoader/Mixin) Method overwrite conflict for apply in fabric-loot-api-v3.mixins.json:LootPoolBuilderMixin from mod fabric-loot-api-v3, previously written by cc.thonly.keine.mixin.LootPoolBuilderMixin. Skipping method.
[23:33:54] [Worker-Main-7/WARN] (FabricLoader/Mixin) Method overwrite conflict for apply in fabric-loot-api-v3.mixins.json:LootPoolBuilderMixin from mod fabric-loot-api-v3, previously written by cc.thonly.keine.mixin.LootPoolBuilderMixin. Skipping method.
[23:33:55] [Render thread/INFO] (Minecraft) Loaded 1665 recipes
[23:33:55] [Render thread/INFO] (Minecraft) Loaded 1803 advancements
[23:33:55] [Render thread/INFO] (RecipeManager) Reloaded Recipe Type reverie_dreams:danmaku_shape_draw
[23:33:55] [Render thread/INFO] (RecipeManager) Reloaded Recipe Type reverie_dreams:kitchen
[23:33:55] [Render thread/INFO] (RecipeCompatPatchesImpl) Registered compatibility recipe reverie_dreams:tianshi_braised_chestnut_mushrooms_minecraft_red_mushroom
[23:33:55] [Render thread/INFO] (RecipeCompatPatchesImpl) Registered compatibility recipe reverie_dreams:cheese_egg_minecraft_blue_egg
[23:33:55] [Render thread/INFO] (RecipeCompatPatchesImpl) Registered compatibility recipe reverie_dreams:secret_mushroom_casserole_minecraft_red_mushroom
[23:33:55] [Render thread/INFO] (RecipeCompatPatchesImpl) Registered compatibility recipe reverie_dreams:eel_egg_donburi_minecraft_brown_egg
[23:33:55] [Render thread/INFO] (RecipeCompatPatchesImpl) Registered compatibility recipe reverie_dreams:eggs_benedict_minecraft_blue_egg
[23:33:55] [Render thread/INFO] (RecipeCompatPatchesImpl) Registered compatibility recipe reverie_dreams:okonomiyaki_minecraft_blue_egg
[23:33:55] [Render thread/INFO] (RecipeCompatPatchesImpl) Registered compatibility recipe reverie_dreams:tonkotsu_ramen_minecraft_blue_egg
[23:33:55] [Render thread/INFO] (RecipeCompatPatchesImpl) Registered compatibility recipe reverie_dreams:dorayaki_minecraft_brown_egg
[23:33:55] [Render thread/INFO] (RecipeCompatPatchesImpl) Registered compatibility recipe reverie_dreams:dorayaki_minecraft_blue_egg
[23:33:55] [Render thread/INFO] (RecipeCompatPatchesImpl) Registered compatibility recipe reverie_dreams:toon_pancakes_minecraft_brown_egg
[23:33:55] [Render thread/INFO] (RecipeCompatPatchesImpl) Registered compatibility recipe reverie_dreams:toon_pancakes_minecraft_blue_egg
[23:33:55] [Render thread/INFO] (RecipeCompatPatchesImpl) Registered compatibility recipe reverie_dreams:beef_wellington_minecraft_blue_egg
[23:33:55] [Render thread/INFO] (RecipeCompatPatchesImpl) Registered compatibility recipe reverie_dreams:giant_tamagoyaki_minecraft_blue_egg
[23:33:55] [Render thread/INFO] (RecipeCompatPatchesImpl) Registered compatibility recipe reverie_dreams:taichi_bagua_fish_maw_minecraft_brown_egg
[23:33:55] [Render thread/INFO] (RecipeCompatPatchesImpl) Registered compatibility recipe reverie_dreams:roasted_mushrooms_minecraft_red_mushroom
[23:33:55] [Render thread/INFO] (RecipeCompatPatchesImpl) Registered compatibility recipe reverie_dreams:maoyu_tricolor_ice_cream_minecraft_blue_egg
[23:33:55] [Render thread/INFO] (RecipeCompatPatchesImpl) Registered compatibility recipe reverie_dreams:cat_pizza_minecraft_red_mushroom
[23:33:55] [Render thread/INFO] (RecipeCompatPatchesImpl) Registered compatibility recipe reverie_dreams:beef_wellington_minecraft_brown_egg
[23:33:55] [Render thread/INFO] (RecipeCompatPatchesImpl) Registered compatibility recipe reverie_dreams:giant_tamagoyaki_minecraft_brown_egg
[23:33:55] [Render thread/INFO] (RecipeCompatPatchesImpl) Registered compatibility recipe reverie_dreams:moon_lover_minecraft_brown_egg
[23:33:55] [Render thread/INFO] (RecipeCompatPatchesImpl) Registered compatibility recipe reverie_dreams:cat_kululi_minecraft_blue_egg
[23:33:55] [Render thread/INFO] (RecipeCompatPatchesImpl) Registered compatibility recipe reverie_dreams:colorful_jade_fried_buns_minecraft_red_mushroom
[23:33:55] [Render thread/INFO] (RecipeCompatPatchesImpl) Registered compatibility recipe reverie_dreams:cheese_egg_minecraft_brown_egg
[23:33:55] [Render thread/INFO] (RecipeCompatPatchesImpl) Registered compatibility recipe reverie_dreams:fright_adventure_minecraft_red_mushroom
[23:33:55] [Render thread/INFO] (RecipeCompatPatchesImpl) Registered compatibility recipe reverie_dreams:dew_boiled_eggs_minecraft_brown_egg
[23:33:55] [Render thread/INFO] (RecipeCompatPatchesImpl) Registered compatibility recipe reverie_dreams:steamed_egg_with_sea_urchin_minecraft_blue_egg
[23:33:55] [Render thread/INFO] (RecipeCompatPatchesImpl) Registered compatibility recipe reverie_dreams:tonkotsu_ramen_minecraft_brown_egg
[23:33:55] [Render thread/INFO] (RecipeCompatPatchesImpl) Registered compatibility recipe reverie_dreams:green_fairy_mushroom_minecraft_red_mushroom
[23:33:55] [Render thread/INFO] (RecipeCompatPatchesImpl) Registered compatibility recipe reverie_dreams:maoyu_tricolor_ice_cream_minecraft_brown_egg
[23:33:55] [Render thread/INFO] (RecipeCompatPatchesImpl) Registered compatibility recipe reverie_dreams:moon_lover_minecraft_blue_egg
[23:33:55] [Render thread/INFO] (RecipeCompatPatchesImpl) Registered compatibility recipe reverie_dreams:hot_waffles_minecraft_brown_egg
[23:33:55] [Render thread/INFO] (RecipeCompatPatchesImpl) Registered compatibility recipe reverie_dreams:ordinary_small_cake_minecraft_blue_egg
[23:33:55] [Render thread/INFO] (RecipeCompatPatchesImpl) Registered compatibility recipe reverie_dreams:bamboo_steamed_egg_minecraft_blue_egg
[23:33:55] [Render thread/INFO] (RecipeCompatPatchesImpl) Registered compatibility recipe reverie_dreams:green_bamboo_welcomes_spring_minecraft_blue_egg
[23:33:55] [Render thread/INFO] (RecipeCompatPatchesImpl) Registered compatibility recipe reverie_dreams:cream_stew_minecraft_red_mushroom
[23:33:55] [Render thread/INFO] (RecipeCompatPatchesImpl) Registered compatibility recipe reverie_dreams:salmon_tempura_minecraft_blue_egg
[23:33:55] [Render thread/INFO] (RecipeCompatPatchesImpl) Registered compatibility recipe reverie_dreams:cat_kululi_minecraft_brown_egg
[23:33:55] [Render thread/INFO] (RecipeCompatPatchesImpl) Registered compatibility recipe reverie_dreams:pan_fried_mushroom_meat_roll_minecraft_red_mushroom
[23:33:55] [Render thread/INFO] (RecipeCompatPatchesImpl) Registered compatibility recipe reverie_dreams:hot_waffles_minecraft_blue_egg
[23:33:55] [Render thread/INFO] (RecipeCompatPatchesImpl) Registered compatibility recipe reverie_dreams:bamboo_steamed_egg_minecraft_red_mushroom
[23:33:55] [Render thread/INFO] (RecipeCompatPatchesImpl) Registered compatibility recipe reverie_dreams:bamboo_steamed_egg_minecraft_brown_egg
[23:33:55] [Render thread/INFO] (RecipeCompatPatchesImpl) Registered compatibility recipe reverie_dreams:eggs_benedict_minecraft_brown_egg
[23:33:55] [Render thread/INFO] (RecipeCompatPatchesImpl) Registered compatibility recipe reverie_dreams:steamed_egg_with_sea_urchin_minecraft_brown_egg
[23:33:55] [Render thread/INFO] (RecipeCompatPatchesImpl) Registered compatibility recipe reverie_dreams:taichi_bagua_fish_maw_minecraft_blue_egg
[23:33:55] [Render thread/INFO] (RecipeCompatPatchesImpl) Registered compatibility recipe reverie_dreams:salmon_tempura_minecraft_brown_egg
[23:33:55] [Render thread/INFO] (RecipeCompatPatchesImpl) Registered compatibility recipe reverie_dreams:ordinary_small_cake_minecraft_brown_egg
[23:33:55] [Render thread/INFO] (RecipeCompatPatchesImpl) Registered compatibility recipe reverie_dreams:green_bamboo_welcomes_spring_minecraft_brown_egg
[23:33:55] [Render thread/INFO] (RecipeCompatPatchesImpl) Registered compatibility recipe reverie_dreams:taichi_bagua_fish_maw_minecraft_red_mushroom
[23:33:55] [Render thread/INFO] (RecipeCompatPatchesImpl) Registered compatibility recipe reverie_dreams:eel_egg_donburi_minecraft_blue_egg
[23:33:55] [Render thread/INFO] (RecipeCompatPatchesImpl) Registered compatibility recipe reverie_dreams:milky_mushroom_soup_minecraft_red_mushroom
[23:33:55] [Render thread/INFO] (RecipeCompatPatchesImpl) Registered compatibility recipe reverie_dreams:mushroom_girls_dance_stew_minecraft_red_mushroom
[23:33:55] [Render thread/INFO] (RecipeCompatPatchesImpl) Registered compatibility recipe reverie_dreams:okonomiyaki_minecraft_brown_egg
[23:33:55] [Render thread/INFO] (RecipeCompatPatchesImpl) Registered compatibility recipe reverie_dreams:mushroom_meat_slices_minecraft_red_mushroom
[23:33:55] [Render thread/INFO] (RecipeCompatPatchesImpl) Registered compatibility recipe reverie_dreams:risotto_minecraft_red_mushroom
[23:33:55] [Render thread/INFO] (RecipeCompatPatchesImpl) Registered compatibility recipe reverie_dreams:dew_boiled_eggs_minecraft_blue_egg
[23:33:55] [Render thread/INFO] (RecipeManager) Reloaded Recipe Type reverie_dreams:danmaku
[23:33:55] [Render thread/INFO] (RecipeManager) Reloaded Recipe Type reverie_dreams:gensokyo_altar
[23:33:55] [Render thread/INFO] (RecipeManager) Reloaded Recipe Type reverie_dreams:strength_table
[23:33:55] [Render thread/INFO] (FoodProperties) Food TAG loading completed
[23:33:55] [Render thread/INFO] (DrinkProperties) Ingredients TAG loading completed
[23:33:55] [ForkJoinPool.commonPool-worker-3/INFO] (ServerTranslations) Loaded 0 translation keys
[23:33:56] [Render thread/INFO] (BiomeModificationImpl) Applied 167 biome modifications to 60 of 67 new biomes in 16.10 ms
[23:33:56] [IO-Worker-1/INFO] (Minecraft) [Polymer] Starting resource pack generation...
[23:33:56] [Server thread/INFO] (Minecraft) Starting integrated minecraft server version 1.21.11
[23:33:56] [Server thread/INFO] (Minecraft) Generating keypair
[23:33:56] [Server thread/INFO] (Minecraft) Loading 0 persistent chunks...
[23:33:56] [Server thread/INFO] (Minecraft) 准备生成区域中：16%
[23:33:57] [Server thread/WARN] (TranslationConventionLogWarnings) 
	Dev warning - Untranslated Item Tags detected. Please translate your item tags so other mods such as recipe viewers can properly display your tag's name.
	The format desired is tag.item.<namespace>.<path> for the translation key with slashes in path turned into periods.
	To disable this message, set this system property in your runs: `-Dfabric-tag-conventions-v2.missingTagTranslationWarning=SILENCED`.
	To see individual untranslated item tags found, set the system property to `-Dfabric-tag-conventions-v2.missingTagTranslationWarning=VERBOSE`.
	Default is `SHORT`.

[23:33:57] [Server thread/INFO] (Polydex) [Polydex] Started matching recipes and items...
[23:33:58] [Server thread/INFO] (Minecraft) Loading 49 chunks for player spawn...
[23:33:58] [Server thread/INFO] (Minecraft) 准备生成区域中：16%
[23:33:58] [Server thread/INFO] (Minecraft) 准备生成区域中：16%
[23:33:58] [Server thread/INFO] (Minecraft) 准备生成区域中：16%
[23:33:59] [Server thread/INFO] (Minecraft) 准备生成区域中：100%
[23:33:59] [Server thread/INFO] (Minecraft) Time elapsed: 2025 ms
[23:33:59] [Server thread/INFO] (Minecraft) Player802[local:E:0a9962e8] logged in with entity id 4 at (17.81969619596413, -60.0, 3.3485194095052107)
[23:33:59] [Server thread/INFO] (Polymer) Full sync for Player802 took 113.34 ms
[23:33:59] [Server thread/INFO] (Minecraft) Player802加入了游戏
[23:33:59] [Server thread/INFO] (Minecraft) Player802完成了挑战[残骸裹身]
[23:33:59] [Server thread/INFO] (Minecraft) Player802取得了进度[弹幕大战争！]
[23:34:00] [Server thread/INFO] (Minecraft) Changing view distance to 16, from 10
[23:34:00] [Server thread/INFO] (Minecraft) Changing simulation distance to 12, from 0
[23:34:00] [Server thread/INFO] (Polydex) [Polydex] Done! It took 3777 ms
[23:34:02] [Render thread/INFO] (Minecraft) Resizing Dynamic Transforms UBO, capacity limit of 4 reached during a single frame. New capacity will be 8.
[23:34:03] [Render thread/INFO] (Minecraft) [System] [CHAT] Player802完成了挑战[残骸裹身]
[23:34:03] [Render thread/INFO] (Minecraft) [System] [CHAT] Player802取得了进度[弹幕大战争！]
[23:34:03] [Render thread/INFO] (Minecraft) Loaded 9 advancements
[23:34:04] [Render thread/INFO] (Minecraft) Resizing Chunk Sections UBO, capacity limit of 2 reached during a single frame. New capacity will be 4.
[23:34:04] [Server thread/INFO] (Minecraft) [Polymer] Resource pack created successfully! You can find it in game folder as polymer/resource_pack.zip
[23:34:04] [Render thread/INFO] (Minecraft) Resizing Chunk Sections UBO, capacity limit of 4 reached during a single frame. New capacity will be 8.
[23:34:07] [Server thread/INFO] (Minecraft) Saving and pausing game...
[23:34:07] [Server thread/INFO] (Minecraft) Saving chunks for level 'ServerLevel[新的世界]'/minecraft:overworld
[23:34:07] [Server thread/INFO] (Minecraft) Saving chunks for level 'ServerLevel[新的世界]'/minecraft:the_end
[23:34:07] [Server thread/INFO] (Minecraft) Saving chunks for level 'ServerLevel[新的世界]'/reverie_dreams:dream_world
[23:34:07] [Server thread/INFO] (Minecraft) Saving chunks for level 'ServerLevel[新的世界]'/minecraft:the_nether
[23:34:07] [Server thread/INFO] (Minecraft) Saving chunks for level 'ServerLevel[新的世界]'/reverie_dreams:the_moon
[23:34:18] [Server thread/INFO] (Minecraft) [Player802: 已将向日葵妖精传送至18.694072, -50.000000, 8.886613]
[23:34:18] [Render thread/INFO] (Minecraft) [System] [CHAT] 已将向日葵妖精传送至18.694072, -50.000000, 8.886613
[23:34:19] [Server thread/INFO] (Minecraft) [Player802: 已将向日葵妖精传送至18.694072, -50.000000, 8.886613]
[23:34:19] [Render thread/INFO] (Minecraft) [System] [CHAT] 已将向日葵妖精传送至18.694072, -50.000000, 8.886613
[23:34:19] [Render thread/INFO] (Minecraft) Loaded 13 advancements
[23:34:19] [Server thread/INFO] (Minecraft) [Player802: 已将向日葵妖精传送至18.694072, -50.000000, 8.886613]
[23:34:19] [Render thread/INFO] (Minecraft) [System] [CHAT] 已将向日葵妖精传送至18.694072, -50.000000, 8.886613
[23:34:20] [Render thread/INFO] (Minecraft) [System] [CHAT] 未找到实体
[23:34:20] [Render thread/INFO] (Minecraft) Resizing Chunk Sections UBO, capacity limit of 8 reached during a single frame. New capacity will be 16.
[23:34:27] [Server thread/INFO] (Minecraft) [Player802: 已将自己的游戏模式设置为创造模式]
[23:34:27] [Render thread/INFO] (Minecraft) [System] [CHAT] 已将自己的游戏模式设置为创造模式
[23:34:30] [Render thread/INFO] (Minecraft) Loaded 27 advancements
[23:34:36] [Server thread/INFO] (Minecraft) [Player802: 已将Player802传送至妖精]
[23:34:36] [Render thread/INFO] (Minecraft) [System] [CHAT] 已将Player802传送至妖精
[23:34:41] [Server thread/INFO] (Minecraft) [Player802: 已将妖精传送至Player802]
[23:34:41] [Render thread/INFO] (Minecraft) [System] [CHAT] 已将妖精传送至Player802
[23:34:43] [Render thread/INFO] (Minecraft) Resizing Dynamic Transforms UBO, capacity limit of 8 reached during a single frame. New capacity will be 16.
[23:34:47] [Server thread/INFO] (Minecraft) [Player802: 已将自己的游戏模式设置为生存模式]
[23:34:47] [Render thread/INFO] (Minecraft) [System] [CHAT] 已将自己的游戏模式设置为生存模式
[23:35:04] [Server thread/INFO] (Minecraft) Saving and pausing game...
[23:35:04] [Server thread/INFO] (Minecraft) Saving chunks for level 'ServerLevel[新的世界]'/minecraft:overworld
[23:35:04] [Server thread/INFO] (Minecraft) Saving chunks for level 'ServerLevel[新的世界]'/minecraft:the_end
[23:35:04] [Server thread/INFO] (Minecraft) Saving chunks for level 'ServerLevel[新的世界]'/reverie_dreams:dream_world
[23:35:04] [Server thread/INFO] (Minecraft) Saving chunks for level 'ServerLevel[新的世界]'/minecraft:the_nether
[23:35:04] [Server thread/INFO] (Minecraft) Saving chunks for level 'ServerLevel[新的世界]'/reverie_dreams:the_moon
[23:35:04] [Server thread/INFO] (Minecraft) Player802 lost connection: 连接中断
[23:35:04] [Server thread/INFO] (Minecraft) Player802退出了游戏
[23:35:04] [Server thread/INFO] (Minecraft) Stopping singleplayer server as player logged out
[23:35:04] [Server thread/INFO] (Minecraft) Stopping server
[23:35:04] [Server thread/INFO] (Minecraft) Saving players
[23:35:04] [Server thread/INFO] (Minecraft) Saving worlds
[23:35:04] [Server thread/INFO] (Minecraft) Saving chunks for level 'ServerLevel[新的世界]'/minecraft:overworld
[23:35:04] [Server thread/INFO] (Minecraft) Saving chunks for level 'ServerLevel[新的世界]'/minecraft:the_end
[23:35:04] [Server thread/INFO] (Minecraft) Saving chunks for level 'ServerLevel[新的世界]'/reverie_dreams:dream_world
[23:35:04] [Server thread/INFO] (Minecraft) Saving chunks for level 'ServerLevel[新的世界]'/minecraft:the_nether
[23:35:04] [Server thread/INFO] (Minecraft) Saving chunks for level 'ServerLevel[新的世界]'/reverie_dreams:the_moon
[23:35:04] [Server thread/INFO] (Minecraft) ThreadedAnvilChunkStorage (新的世界): All chunks are saved
[23:35:04] [Server thread/INFO] (Minecraft) ThreadedAnvilChunkStorage (DIM1): All chunks are saved
[23:35:04] [Server thread/INFO] (Minecraft) ThreadedAnvilChunkStorage (dream_world): All chunks are saved
[23:35:04] [Server thread/INFO] (Minecraft) ThreadedAnvilChunkStorage (DIM-1): All chunks are saved
[23:35:04] [Server thread/INFO] (Minecraft) ThreadedAnvilChunkStorage (the_moon): All chunks are saved
[23:35:04] [Server thread/INFO] (Minecraft) ThreadedAnvilChunkStorage: All dimensions are saved
[23:35:05] [Render thread/INFO] (Minecraft) Stopping!
