Order Lang: SpecialGuest=0, TagId=17, Request=如果点的菜带甜味就好了~
Order Lang: SpecialGuest=0, TagId=18, Request=生肉总比熟肉好吃吧！你难道是牛排吃十分熟的那种人?
Order Lang: SpecialGuest=0, TagId=24, Request=作为虫子奇奇怪怪的菜我来者不拒哦~
Order Lang: SpecialGuest=0, TagId=0, Request=其实虫子也是吃肉的！
Order Lang: SpecialGuest=1, TagId=0, Request=肉肉肉~要吃肉~
Order Lang: SpecialGuest=1, TagId=18, Request=最新鲜的吃法就是生吃？
Order Lang: SpecialGuest=1, TagId=24, Request=人类觉得奇怪的料理说不定正适合我呢~
Order Lang: SpecialGuest=1, TagId=9, Request=吃不饱可不行哦~
Order Lang: SpecialGuest=1, TagId=19, Request=你有没有什么拿手好菜呀？
Order Lang: SpecialGuest=2, TagId=0, Request=我还在长身体，不吃肉可不行！
Order Lang: SpecialGuest=2, TagId=1, Request=猫当然是要吃鱼啦~
Order Lang: SpecialGuest=2, TagId=6, Request=一点油水都没有的东西能有啥味道
Order Lang: SpecialGuest=2, TagId=17, Request=甜的我也喜欢~
Order Lang: SpecialGuest=2, TagId=33, Request=那种把肉串起来烧一烧的料理！
Order Lang: SpecialGuest=3, TagId=7, Request=清淡的饮食是长寿的秘诀……
Order Lang: SpecialGuest=3, TagId=12, Request=稗田家的风格一直都以和风为主。
Order Lang: SpecialGuest=3, TagId=17, Request=甜食吃太多不健康……咳，但是偶尔尝尝也是不错的吧
Order Lang: SpecialGuest=3, TagId=25, Request=将文化蕴藏于菜肴中，这和我所做之事本质是一样的
Order Lang: SpecialGuest=3, TagId=4, Request=作为稗田家主，时刻不可失了身份，所食之物也不能太失格
Order Lang: SpecialGuest=3, TagId=32, Request=咳……身体不太好，有没有适合消化的汤汤水水呢？
Order Lang: SpecialGuest=4, TagId=14, Request=不知道中华风的菜肴会承载着怎样的历史呢。
Order Lang: SpecialGuest=4, TagId=12, Request=不知道和风的菜肴会承载着怎样的历史呢。
Order Lang: SpecialGuest=4, TagId=2, Request=偶尔吃点素菜，感觉身体会很舒服。
Order Lang: SpecialGuest=4, TagId=7, Request=最近吃得比较清淡……
Order Lang: SpecialGuest=4, TagId=3, Request=随便吃些家常菜就可以了。
Order Lang: SpecialGuest=4, TagId=25, Request=历史和文化是相辅相成的。
Order Lang: SpecialGuest=5, TagId=25, Request=仙人所求的不只是味道，还有其背后的文化。
Order Lang: SpecialGuest=5, TagId=12, Request=和食很适合仙人。
Order Lang: SpecialGuest=5, TagId=3, Request=仙人也非高高在上的……家常菜也别有韵味。
Order Lang: SpecialGuest=5, TagId=8, Request=光喝酒可不行，下酒菜也是必不可少的。
Order Lang: SpecialGuest=6, TagId=3, Request=看起来普普通通的家常菜其实一点也不普通，不是和我很像吗？
Order Lang: SpecialGuest=6, TagId=9, Request=男子汉可不能吃不饱啊——
Order Lang: SpecialGuest=6, TagId=16, Request=我的嘴可是很刁的，鲜度如何我一尝就知道了！
Order Lang: SpecialGuest=7, TagId=17, Request=糖在以前是奢侈品呢，现在随便就能吃到真是太好了~
Order Lang: SpecialGuest=7, TagId=9, Request=吃不饱的话就太不划算了…
Order Lang: SpecialGuest=7, TagId=-2, Request=贵的我可买不起啊！
Order Lang: SpecialGuest=7, TagId=27, Request=有什么配得上我的称号的菜吗？
Order Lang: SpecialGuest=7, TagId=4, Request=有没有什么不花大价钱的高级料理啊……
Order Lang: SpecialGuest=8, TagId=0, Request=大口吃肉大口喝酒才叫爽快！
Order Lang: SpecialGuest=8, TagId=12, Request=说到鬼，就是和风了吧~
Order Lang: SpecialGuest=8, TagId=8, Request=喝酒之余来点佐酒的小菜也不错~
Order Lang: SpecialGuest=8, TagId=23, Request=鬼族的力量可都是很夸张的哦
Order Lang: SpecialGuest=8, TagId=28, Request=我可以分散很多个小的自己，有什么合适的菜吗~
Order Lang: SpecialGuest=9, TagId=2, Request=荤腥的东西离我远点！
Order Lang: SpecialGuest=9, TagId=7, Request=只有你们这种下等人才喜欢口味重的东西！
Order Lang: SpecialGuest=9, TagId=17, Request=不喜欢甜味的人是不存在的~
Order Lang: SpecialGuest=9, TagId=20, Request=卖相不好的低贱品就别给本天人端过来了！
Order Lang: SpecialGuest=9, TagId=5, Request=传说级别的菜品，这种小破店是不会有的吧？
Order Lang: SpecialGuest=9, TagId=-3, Request=我不缺钱，给我上最贵的！
Order Lang: SpecialGuest=9, TagId=31, Request=新鲜的水果，这种小店弄得到吗？
Order Lang: SpecialGuest=10, TagId=26, Request=蘑菇是怎么吃也吃不腻的！
Order Lang: SpecialGuest=10, TagId=5, Request=越是古老的东西越有价值~
Order Lang: SpecialGuest=10, TagId=12, Request=我是和食主义者！
Order Lang: SpecialGuest=10, TagId=6, Request=高热量的油炸食品能让人更快乐~
Order Lang: SpecialGuest=10, TagId=22, Request=料理就和魔法一样，发光发热才叫好！
Order Lang: SpecialGuest=11, TagId=5, Request=一般来说，能够拯救世界的料理应该都是传说级别的吧？
Order Lang: SpecialGuest=11, TagId=12, Request=那位大人，曾经也被说是和风美人呢……
Order Lang: SpecialGuest=12, TagId=0, Request=我……要……吃……肉……
Order Lang: SpecialGuest=12, TagId=2, Request=我……要……吃……素……
Order Lang: SpecialGuest=12, TagId=1, Request=我……要……吃……海鲜……
Order Lang: SpecialGuest=12, TagId=-4, Request=胃好难受……
Order Lang: SpecialGuest=15, TagId=14, Request=就算身处异乡也不能忘了祖国的味道。
Order Lang: SpecialGuest=15, TagId=23, Request=有没有像漫画一样吃了就能让人涌现出力量的东西呢？
Order Lang: SpecialGuest=15, TagId=0, Request=肉是最实在的！
Order Lang: SpecialGuest=15, TagId=9, Request=吃饱了才有力气干活啊。
Order Lang: SpecialGuest=16, TagId=29, Request=呵呵，现实的存在永远如梦幻般难以触及哦~
Order Lang: SpecialGuest=16, TagId=5, Request=所有因幡都喜欢在捣年糕的时候歌唱那个传说中的男人。
Order Lang: SpecialGuest=16, TagId=17, Request=一说到兔子，不就是甜蜜蜜的感觉吗？啊，我说的不是味道哦。
Order Lang: SpecialGuest=16, TagId=21, Request=兔毛虽然短却厚，不做好降温工作的话会食欲不振呢。
Order Lang: SpecialGuest=16, TagId=28, Request=对兔子来说，三分饱就够了。
Order Lang: SpecialGuest=22, TagId=17, Request=在过去，糖可是贵族的专属消费品呢。
Order Lang: SpecialGuest=22, TagId=13, Request=从未离开过幻想乡的井底之蛙，能做出异国风味的料理吗？
Order Lang: SpecialGuest=22, TagId=18, Request=吸血鬼……当然是要吃生的。
Order Lang: SpecialGuest=22, TagId=4, Request=只有高级的料理才配得上我的身份。
Order Lang: SpecialGuest=24, TagId=22, Request=飘荡在妖怪山上的无尽之烟，即便没有火焰，也如梦似幻般灼热。
Order Lang: SpecialGuest=24, TagId=35, Request=涅槃重生的不死鸟啊，复仇之火永扑不尽、永浇不灭！
Order Lang: SpecialGuest=24, TagId=34, Request=辣味能够让我感受到活着的刺激。
Order Lang: SpecialGuest=24, TagId=31, Request=果子既能解渴又能饱腹，是上天恩赐的食物。
Order Lang: SpecialGuest=24, TagId=33, Request=我其实也挺擅长烤肉的。
Order Lang: SpecialGuest=25, TagId=12, Request=地上有个叫大和抚子的和风美人，我对她挺感兴趣的。
Order Lang: SpecialGuest=25, TagId=25, Request=虽然地上的历史对我而言转瞬即逝，但也是不可磨灭的过去。
Order Lang: SpecialGuest=25, TagId=5, Request=地上流传的大多传说，其实都是月人创造和散播的哦。
Order Lang: SpecialGuest=25, TagId=27, Request=这片污秽却自由的土地，总让我感到不可思议。
Order Lang: SpecialGuest=27, TagId=13, Request=饮食文化的差异，你这种鸟脑袋能够理解吗？
Order Lang: SpecialGuest=27, TagId=17, Request=甜美是一种能沁入心田的滋味。
Order Lang: SpecialGuest=27, TagId=20, Request=品相好看的料理，仅在书里出现也能让人垂涎。
Order Lang: SpecialGuest=27, TagId=29, Request=能将人带入宛如真实的梦幻中的料理，真想见识一下。
Order Lang: SpecialGuest=27, TagId=4, Request=若想使用高级的魔法，就需要拥有很高的熟练度。料理也是如此。
Order Lang: SpecialGuest=28, TagId=21, Request=冰精当然要吃冰的啦！
Order Lang: SpecialGuest=28, TagId=17, Request=甜甜美美的东西吃了会让心情变好~
Order Lang: SpecialGuest=28, TagId=20, Request=丑拒！
Order Lang: SpecialGuest=28, TagId=24, Request=真正的勇士，敢于尝试千奇百怪的东西！
Order Lang: SpecialGuest=29, TagId=29, Request=呵呵，现实的存在永远如梦幻般难以触及哦~
Order Lang: SpecialGuest=29, TagId=5, Request=所有因幡都喜欢在捣年糕的时候歌唱那个传说中的男人。
Order Lang: SpecialGuest=29, TagId=17, Request=一说到兔子，不就是甜蜜蜜的感觉吗？啊，我说的不是味道哦。
Order Lang: SpecialGuest=29, TagId=21, Request=兔毛虽然短却厚，不做好降温工作的话会食欲不振呢。
Order Lang: SpecialGuest=29, TagId=28, Request=对兔子来说，三分饱就够了。
Order Lang: SpecialGuest=41, TagId=12, Request=能乐是日本最古老的古典歌舞剧。
Order Lang: SpecialGuest=41, TagId=19, Request=只要和大家点一样的就能理解大家的感情吗？
Order Lang: SpecialGuest=41, TagId=5, Request=能乐的剧目库本身就是一部庞大的传说总集。
Order Lang: SpecialGuest=41, TagId=29, Request=幻术的遗产仍残留在能乐的骨血里，脱骨为幽玄。
Order Lang: SpecialGuest=41, TagId=21, Request=凉风与摇曳的篝火，是能乐幽玄美学的绝配。
Order Lang: SpecialGuest=41, TagId=20, Request=我的舞姿也能深深地拓印在大家的心里吗？
Order Lang: SpecialGuest=1000, TagId=24, Request=人类绝对无法理解我们河童的口味……说不定有少部分人可以。
Order Lang: SpecialGuest=1000, TagId=1, Request=河童是妖怪中的驭水高手，食物也几乎都从水里获得。
Order Lang: SpecialGuest=1000, TagId=4, Request=招待我们河童，直接把最上品的菜端出来就好。
Order Lang: SpecialGuest=1000, TagId=8, Request=只有酒没有菜，囫囵地喝也没什么意思——
Order Lang: SpecialGuest=1000, TagId=15, Request=得多吃点咸的才能补充体力啊。
Order Lang: SpecialGuest=1000, TagId=19, Request=只有口碑最好的菜才能成为招牌菜。
Order Lang: SpecialGuest=1001, TagId=0, Request=就算变成妖怪，狼爱吃肉的本性也不会改变。
Order Lang: SpecialGuest=1001, TagId=10, Request=俗话说，靠山吃山，靠海吃海。
Order Lang: SpecialGuest=1001, TagId=6, Request=清淡的食物实在是吃不下啊，不健康的饮食对我来说刚刚好。
Order Lang: SpecialGuest=1001, TagId=-1, Request=今天绕着山巡逻了几圈，不多吃点可补不回来。
Order Lang: SpecialGuest=1001, TagId=8, Request=酒才是席上的主角啊，菜肴什么的要是不能给酒增色，那还不如不吃。
Order Lang: SpecialGuest=1002, TagId=3, Request=就算知道魔法修行是孤独的，偶尔也还是会怀念家的味道。
Order Lang: SpecialGuest=1002, TagId=4, Request=我真是受不了那些低级趣味。
Order Lang: SpecialGuest=1002, TagId=13, Request=魔法使当然是西式的。
Order Lang: SpecialGuest=1002, TagId=17, Request=我偶尔会梦到自己在巧克力和糖果做的房子睡觉。
Order Lang: SpecialGuest=1002, TagId=25, Request=食之道与魔法之道有着一样悠久的底蕴。
Order Lang: SpecialGuest=1003, TagId=9, Request=我的无限的胃袋已经快饿扁了！
Order Lang: SpecialGuest=1003, TagId=-1, Request=指头缝都塞不满的东西，就别拿出来祭我的五脏庙了！
Order Lang: SpecialGuest=1003, TagId=0, Request=猛兽在撕咬肉的同时，也是在展示自己的獠牙。
Order Lang: SpecialGuest=1003, TagId=4, Request=好不容易才到地上来一趟，把最高级的料理端上来！
Order Lang: SpecialGuest=1003, TagId=5, Request=地上的传说甚是有趣，就让我来尝一尝……
Order Lang: SpecialGuest=1003, TagId=18, Request=畜生对血淋淋的食物的迷恋，人类是不会明白的。
Order Lang: SpecialGuest=1003, TagId=16, Request=那些馊掉的东西就别拿出来丢人现眼了。
Order Lang: SpecialGuest=1003, TagId=23, Request=我能将吞下的一切事物转化为自己的力量！
Order Lang: SpecialGuest=1003, TagId=27, Request=我居然会遵守地上的规则坐在这里……光是这样就够不可思议了！
Order Lang: SpecialGuest=1004, TagId=7, Request=好歹也算是地藏，偶尔吃点清淡的吧。
Order Lang: SpecialGuest=1004, TagId=10, Request=山里的走地兽可不在我的救助范围。
Order Lang: SpecialGuest=1004, TagId=25, Request=饮食文化的底蕴也未必比地藏的经书浅显呢。
Order Lang: SpecialGuest=1004, TagId=30, Request=我想尝尽不同地方的美食，但实在懒得走。
Order Lang: SpecialGuest=1004, TagId=12, Request=在我还是石像的时候，和风是这片土地的唯一。
Order Lang: SpecialGuest=1005, TagId=12, Request=说到日本的传统，当然是大和风情啦！
Order Lang: SpecialGuest=1005, TagId=17, Request=如果你从来没有尝过糖果的美味，就不会惦记它的味道~
Order Lang: SpecialGuest=1005, TagId=20, Request=手机在幻想乡也不是完全无法使用哦~
Order Lang: SpecialGuest=1005, TagId=3, Request=那两位大人在的地方，就是我的家。
Order Lang: SpecialGuest=1005, TagId=29, Request=女孩子是最不能抵抗梦幻般的东西了。
Order Lang: SpecialGuest=2000, TagId=17, Request=生活充满甜蜜和喜悦。
Order Lang: SpecialGuest=2000, TagId=16, Request=无论什么食物当然都是新鲜的最好啦！
Order Lang: SpecialGuest=2000, TagId=24, Request=一般人会觉得蜘蛛的口味很奇怪吗？
Order Lang: SpecialGuest=2000, TagId=20, Request=把好看的食物拍下来，回去和蜘蛛们分享吧~
Order Lang: SpecialGuest=2000, TagId=18, Request=煮得太熟的食物总是吃不太习惯。
Order Lang: SpecialGuest=2001, TagId=2000, Request=妒意的味道是酸的。
Order Lang: SpecialGuest=2001, TagId=15, Request=眼泪的味道是咸的。
Order Lang: SpecialGuest=2001, TagId=34, Request=愤怒的味道是辣的。
Order Lang: SpecialGuest=2001, TagId=16, Request=我不能忍受其他客人的食物比我的新鲜！
Order Lang: SpecialGuest=2001, TagId=31, Request=水果能让惆怅的情绪变的舒缓。
Order Lang: SpecialGuest=2001, TagId=0, Request=不给我吃肉的话就诅咒你。
Order Lang: SpecialGuest=2002, TagId=8, Request=直接把佐酒的菜端上来吧！
Order Lang: SpecialGuest=2002, TagId=19, Request=试试小麻雀家的招牌菜吧~
Order Lang: SpecialGuest=2002, TagId=5, Request=如今的地上是怎么流传鬼的传说？
Order Lang: SpecialGuest=2002, TagId=12, Request=不觉得和风和这个街道很配么~
Order Lang: SpecialGuest=2002, TagId=-1, Request=我已经准备好要饱餐一顿了！
Order Lang: SpecialGuest=2002, TagId=23, Request=没有力量的鬼只会被踩在脚下。
Order Lang: SpecialGuest=2002, TagId=35, Request=让我的血液沸腾起来吧！
Order Lang: SpecialGuest=2003, TagId=3, Request=家常美味，也是人生百味。
Order Lang: SpecialGuest=2003, TagId=28, Request=吃太饱不利于思考。
Order Lang: SpecialGuest=2003, TagId=17, Request=生活需要加点甜。
Order Lang: SpecialGuest=2003, TagId=29, Request=极致的美食宛如真实的梦幻。
Order Lang: SpecialGuest=2003, TagId=30, Request=食物能够缩短他乡与故乡的距离。
Order Lang: SpecialGuest=2003, TagId=23, Request=希望这一顿可以给我带来继续工作的力量。
Order Lang: SpecialGuest=2004, TagId=16, Request=腐烂后会滋生大量细菌，还是新鲜的好。
Order Lang: SpecialGuest=2004, TagId=17, Request=甜食是最简单最初始的美食体验~
Order Lang: SpecialGuest=2004, TagId=1, Request=咱就是爱吃鱼才这么聪明呐。
Order Lang: SpecialGuest=2004, TagId=11, Request=地底和海底其实是相通的吧？
Order Lang: SpecialGuest=2004, TagId=24, Request=有时候一些奇怪的东西更能让猫咪兴奋！
Order Lang: SpecialGuest=2004, TagId=29, Request=真想再去一次梦境里的童话公园。
Order Lang: SpecialGuest=2005, TagId=0, Request=肉是力量的源泉，失去它生命就会枯竭。
Order Lang: SpecialGuest=2005, TagId=34, Request=火辣辣的感觉会让人心痒痒不是吗？
Order Lang: SpecialGuest=2005, TagId=15, Request=阿空盐分补充程序——启动！
Order Lang: SpecialGuest=2005, TagId=6, Request=加入多少油，火焰的燃烧就有多猛烈！
Order Lang: SpecialGuest=2005, TagId=22, Request=就算比火焰还要炽热我也毫不畏惧！
Order Lang: SpecialGuest=2005, TagId=23, Request=我一直在感受体内的力量不断涌现。
Order Lang: SpecialGuest=2006, TagId=17, Request=我有两个胃，一个吃饭一个吃甜点！
Order Lang: SpecialGuest=2006, TagId=15, Request=有一种兴奋剂是咸味的哦！好像叫做汗水来着。
Order Lang: SpecialGuest=2006, TagId=18, Request=生吃还有什么讲究吗？
Order Lang: SpecialGuest=2006, TagId=24, Request=带着猎奇的心态去看待世界会更有趣哦~
Order Lang: SpecialGuest=2006, TagId=29, Request=梦幻就是永恒的意思吗？
Order Lang: SpecialGuest=2006, TagId=27, Request=你永远猜不到我想要的是什么啦~
Order Lang: SpecialGuest=2009, TagId=16, Request=腐烂后会滋生大量细菌，还是新鲜的好。
Order Lang: SpecialGuest=2009, TagId=17, Request=甜食是最简单最初始的美食体验~
Order Lang: SpecialGuest=2009, TagId=1, Request=咱就是爱吃鱼才这么聪明呐。
Order Lang: SpecialGuest=2009, TagId=11, Request=地底和海底其实是相通的吧？
Order Lang: SpecialGuest=2009, TagId=24, Request=有时候一些奇怪的东西更能让猫咪兴奋！
Order Lang: SpecialGuest=2009, TagId=29, Request=真想再去一次梦境里的童话公园。
Order Lang: SpecialGuest=3000, TagId=17, Request=甜食可以促进人际交往哦！
Order Lang: SpecialGuest=3000, TagId=24, Request=能让人吓一跳的食物不是很有趣吗？
Order Lang: SpecialGuest=3000, TagId=3, Request=一家人围在一起吃饭的感觉很温馨。
Order Lang: SpecialGuest=3000, TagId=9, Request=吓不到人肚子总是空空的……
Order Lang: SpecialGuest=3000, TagId=27, Request=不可思议也是一种惊讶的情绪哦。
Order Lang: SpecialGuest=3000, TagId=23, Request=我需要更多的力量去吓唬人类！
Order Lang: SpecialGuest=3000, TagId=20, Request=好看的食物应该也会很好吃吧？
Order Lang: SpecialGuest=3001, TagId=9, Request=不吃饱连船舵都转不动。
Order Lang: SpecialGuest=3001, TagId=15, Request=海水的味道和眼泪的味道都是咸的呢。
Order Lang: SpecialGuest=3001, TagId=23, Request=间歇泉喷发时涌出的的那种力量感真是太带劲了。
Order Lang: SpecialGuest=3001, TagId=0, Request=三净肉的话还是可以吃的。
Order Lang: SpecialGuest=3001, TagId=30, Request=正是人们的迁徙才促成了食物的相逢。
Order Lang: SpecialGuest=3001, TagId=4, Request=混到船长的地位就算开小灶吃高级料理也不过分吧？
Order Lang: SpecialGuest=3001, TagId=16, Request=食物的保质期不能超过一个小时。
Order Lang: SpecialGuest=3002, TagId=24, Request=其实人类才是最喜欢猎奇的动物。 
Order Lang: SpecialGuest=3002, TagId=0, Request=经文可以慢慢看，肉必须趁热吃。
Order Lang: SpecialGuest=3002, TagId=16, Request=腐肉我过去已经吃得够多了。
Order Lang: SpecialGuest=3002, TagId=18, Request=生食这种进食方式虽然原始但很方便呢。
Order Lang: SpecialGuest=3002, TagId=27, Request=不可思议正是我的本质。
Order Lang: SpecialGuest=3002, TagId=19, Request=就算是最拿手的招牌菜也要有点变化才好。
Order Lang: SpecialGuest=3002, TagId=30, Request=每个地方都有各自独特的料理。
Order Lang: SpecialGuest=3002, TagId=20, Request=人类只要目睹到我的存在都会拍个不停。
Order Lang: SpecialGuest=3003, TagId=12, Request=吾之时代的风格还能延续至今真乃幸事一桩。
Order Lang: SpecialGuest=3003, TagId=35, Request=既不能置身火海，是否能让内心燃烧起来？
Order Lang: SpecialGuest=3003, TagId=5, Request=吾所仰慕的太子大人是留下了许多传说的圣人。
Order Lang: SpecialGuest=3003, TagId=7, Request=在吾之时代，贵族饮食皆以清淡为主。
Order Lang: SpecialGuest=3003, TagId=10, Request=道家荤食原料多用山珍野味，调料则惯用药料。
Order Lang: SpecialGuest=3003, TagId=4, Request=嗜好高级品或许是身为豪族时留下的习惯……
Order Lang: SpecialGuest=3004, TagId=17, Request=每一道甜品都有一个故事哟~
Order Lang: SpecialGuest=3004, TagId=2, Request=仙人要是满嘴荤腥就太难看了。
Order Lang: SpecialGuest=3004, TagId=28, Request=宵夜的份量宜少不宜多。
Order Lang: SpecialGuest=3004, TagId=14, Request=我的家乡是个遍地都是道士仙人的地方。
Order Lang: SpecialGuest=3004, TagId=27, Request=不可思议的人生才有趣~
Order Lang: SpecialGuest=3004, TagId=5, Request=人类的传说中也记录着我的故事呢。
Order Lang: SpecialGuest=3004, TagId=30, Request=小小的店就能吃遍各地美食真是太方便了。
Order Lang: SpecialGuest=3005, TagId=12, Request=偶尔也品尝一下过去吃过的东西吧。
Order Lang: SpecialGuest=3005, TagId=9, Request=脑子装不下的东西，就用肚子来装。
Order Lang: SpecialGuest=3005, TagId=23, Request=降雷的时候能感到力量一下子从身体里涌现出来。
Order Lang: SpecialGuest=3005, TagId=6, Request=成为亡灵以后什么重油的不健康的通通都能吃诶~
Order Lang: SpecialGuest=3005, TagId=33, Request=我想试试那种像被雷劈过一样的食物。
Order Lang: SpecialGuest=3005, TagId=3, Request=孤独守护的千年间 ，最怀念的却是家常。
Order Lang: SpecialGuest=3005, TagId=19, Request=从招牌菜就能看出一家店的风格。
Order Lang: SpecialGuest=3009, TagId=0, Request=不吃肉怎么可能变得强大？
Order Lang: SpecialGuest=3009, TagId=12, Request=老朽还是喜欢佐渡老家的味道呐~
Order Lang: SpecialGuest=3009, TagId=1, Request=狸猫虽然不是猫，但也很爱吃鱼。
Order Lang: SpecialGuest=3009, TagId=3, Request=在佐渡和人类共同生活的日常也很让人怀念呐。
Order Lang: SpecialGuest=3009, TagId=8, Request=下酒的菜还没准备好吗——？
Order Lang: SpecialGuest=3009, TagId=31, Request=人类就喜欢看狸猫吃果子的样子。
Order Lang: SpecialGuest=3009, TagId=5, Request=狸猫的传说要多少有多少，不是吗？
Order Lang: SpecialGuest=4000, TagId=0, Request=天狗的首选果然得是肉呢。
Order Lang: SpecialGuest=4000, TagId=12, Request=天狗是和风妖怪中很强悍的一支哦。
Order Lang: SpecialGuest=4000, TagId=19, Request=招牌是经过大众检验的广告。
Order Lang: SpecialGuest=4000, TagId=3, Request=这里生意这么好皆因有家的味道~
Order Lang: SpecialGuest=4000, TagId=8, Request=有酒无菜偶尔也会觉得少点滋味~
Order Lang: SpecialGuest=4000, TagId=20, Request=有没有值得入我相机的菜呢~
Order Lang: SpecialGuest=4001, TagId=17, Request=毒最基础的味道是甜哦。
Order Lang: SpecialGuest=4001, TagId=29, Request=人类会为了追求奇妙的体验而故意中毒。
Order Lang: SpecialGuest=4001, TagId=26, Request=一提到毒第一时间就会想起森林里疯长的那些吧。
Order Lang: SpecialGuest=4001, TagId=20, Request=铃铃说漂亮的菜和我一样都很适合拍照。
Order Lang: SpecialGuest=4001, TagId=19, Request=我不太懂，能给我推荐一些招牌菜吗？
Order Lang: SpecialGuest=4001, TagId=21, Request=人偶是不能受热的。
Order Lang: SpecialGuest=4001, TagId=28, Request=像铃铃一样小小的不是很可爱吗？
Order Lang: SpecialGuest=4001, TagId=4001, Request=毒药是最上乘的调味品。
Order Lang: SpecialGuest=4002, TagId=7, Request=不要用沾染油腻的手去触碰花儿。
Order Lang: SpecialGuest=4002, TagId=4, Request=花儿的语言比人类更含蓄，也更高级。
Order Lang: SpecialGuest=4002, TagId=29, Request=蓝色满天星的花语是——
Order Lang: SpecialGuest=4002, TagId=5, Request=每个花语都有一个流传至今的过去。
Order Lang: SpecialGuest=4002, TagId=30, Request=无法离开出生地的花儿最终会成为当地的特色。
Order Lang: SpecialGuest=4002, TagId=13, Request=我挺喜欢那种追崇绅士风度的社会风尚。
Order Lang: SpecialGuest=4002, TagId=27, Request=冬紫罗兰的花语是——。
Order Lang: SpecialGuest=4003, TagId=24, Request=我钟意那些受人厌恶的怪诞之物！
Order Lang: SpecialGuest=4003, TagId=8, Request=苦酒入喉心作痛，配点小菜吃一吃。
Order Lang: SpecialGuest=4003, TagId=6, Request=把那些脑满肠肥的欺压者煎一煎的话会出很多油吧。
Order Lang: SpecialGuest=4003, TagId=22, Request=看着滋滋冒气的东西会让我心情大好。
Order Lang: SpecialGuest=4003, TagId=35, Request=一想到弱者颠覆强者的未来我就澎湃不已！
Order Lang: SpecialGuest=4003, TagId=27, Request=你们怎么形容根本不可能实现的事物？
Order Lang: SpecialGuest=4003, TagId=23, Request=为了达成我的伟业，我需要更多力量！
Order Lang: SpecialGuest=4004, TagId=17, Request=甜品的力量是治愈的力量。
Order Lang: SpecialGuest=4004, TagId=12, Request=小人的祖先是日本神话中少彦名神的后裔。
Order Lang: SpecialGuest=4004, TagId=5, Request=我喜欢听那些充满勇气的伟大故事。
Order Lang: SpecialGuest=4004, TagId=28, Request=看我的样子就知道我的食量了。
Order Lang: SpecialGuest=4004, TagId=25, Request=这是一座充满底蕴却无人知晓的城……
Order Lang: SpecialGuest=4004, TagId=20, Request=我想要很漂亮能跟别人分享的菜式！
Order Lang: SpecialGuest=4004, TagId=35, Request=勇者的身份真是让人热血沸腾！
Order Lang: SpecialGuest=4005, TagId=0, Request=毕竟人家是狼嘛……
Order Lang: SpecialGuest=4005, TagId=12, Request=本州狼自然喜欢本州风格的食谱哦。
Order Lang: SpecialGuest=4005, TagId=10, Request=比起水里游的我更喜欢山上跑的。
Order Lang: SpecialGuest=4005, TagId=3, Request=我也很喜欢有家庭气氛的小菜哦。
Order Lang: SpecialGuest=4005, TagId=21, Request=毛发增长的时候就很需要从胃里降温……
Order Lang: SpecialGuest=4005, TagId=20, Request=漂亮的食物当然是先给相机吃！
Order Lang: SpecialGuest=4008, TagId=13, Request=这里也能做出异国风味的料理吗？
Order Lang: SpecialGuest=4008, TagId=4, Request=只有高级的料理才配得上我的身份。
Order Lang: SpecialGuest=4008, TagId=18, Request=吸血鬼……当然是要吃生的。
Order Lang: SpecialGuest=4008, TagId=17, Request=在过去，糖可是贵族的专属消费品呢。
Order Lang: SpecialGuest=4008, TagId=5, Request=吸血鬼留下的传说百年无人敢忘。
Order Lang: SpecialGuest=5000, TagId=30, Request=想尝尝那些我无法抵达的地方的美食……
Order Lang: SpecialGuest=5000, TagId=28, Request=兔子的胃是很小的。
Order Lang: SpecialGuest=5000, TagId=3, Request=家的味道可以治愈一天的疲惫。
Order Lang: SpecialGuest=5000, TagId=11, Request=静海要是不那么死气沉沉就好了。
Order Lang: SpecialGuest=5000, TagId=14, Request=月兔也是仙子，这是什么地方的传说呀？
Order Lang: SpecialGuest=5000, TagId=10, Request=月之都如果有山，会有什么动物吗？
Order Lang: SpecialGuest=5000, TagId=17, Request=糖分是唯一的救赎。
Order Lang: SpecialGuest=5001, TagId=17, Request=我就算吃再多糖也不会蛀牙哟。
Order Lang: SpecialGuest=5001, TagId=4, Request=高级精致的品相更容易提起人的兴趣呢。
Order Lang: SpecialGuest=5001, TagId=12, Request=最近有点喜欢上和歌了。
Order Lang: SpecialGuest=5001, TagId=2, Request=听说吃草能够帮助消化？
Order Lang: SpecialGuest=5001, TagId=21, Request=好热……可惜不能用这把扇子来扇风……
Order Lang: SpecialGuest=5001, TagId=31, Request=桃子就是最棒的哦！
Order Lang: SpecialGuest=5001, TagId=25, Request=我喜欢听料理里的故事。
Order Lang: SpecialGuest=5002, TagId=4, Request=月之民不食糟糠。
Order Lang: SpecialGuest=5002, TagId=14, Request=我对中华武术有点兴趣。
Order Lang: SpecialGuest=5002, TagId=28, Request=锻炼不宜吃太多。
Order Lang: SpecialGuest=5002, TagId=7, Request=淡以养生。
Order Lang: SpecialGuest=5002, TagId=5, Request=我想留下令后人传颂的功绩。
Order Lang: SpecialGuest=5002, TagId=22, Request=永远不要让血液冷下来。
Order Lang: SpecialGuest=5002, TagId=25, Request=一招一式皆是文化的传承。
Order Lang: SpecialGuest=5002, TagId=23, Request=我需要更多更多的力量。
Order Lang: SpecialGuest=5003, TagId=9, Request=请准备让我和苏格拉底都能吃饱的量哦～
Order Lang: SpecialGuest=5003, TagId=13, Request=魔界在西方传说中是恶魔的聚集地？
Order Lang: SpecialGuest=5003, TagId=17, Request=甜食可以让人获得力量哦！
Order Lang: SpecialGuest=5003, TagId=3, Request=老板娘的店有着家一样的温馨。
Order Lang: SpecialGuest=5003, TagId=29, Request=童话就是梦幻哦。
Order Lang: SpecialGuest=5003, TagId=21, Request=苏格拉底很怕烫呢，毕竟是猫舌头嘛。
Order Lang: SpecialGuest=5004, TagId=24, Request=猎奇带来了有用的经验。
Order Lang: SpecialGuest=5004, TagId=16, Request=陈腐的东西当然不能入口。
Order Lang: SpecialGuest=5004, TagId=10, Request=山珍是大自然的宝藏。
Order Lang: SpecialGuest=5004, TagId=18, Request=最原始的味道就是最好的味道。
Order Lang: SpecialGuest=5004, TagId=1, Request=鱼类脂肪很低又富含营养，非常健康。
Order Lang: SpecialGuest=5004, TagId=26, Request=蘑菇是变化万千、又难以理解的生物，十分有趣。
Order Lang: SpecialGuest=5004, TagId=23, Request=有点累了，有什么可以激活身体和思维的料理吗？
Order Lang: SpecialGuest=5005, TagId=30, Request=旅行的乐趣之一就是吃到各种各样的美食。
Order Lang: SpecialGuest=5005, TagId=17, Request=心情烦闷的时候音乐与甜品最治愈。
Order Lang: SpecialGuest=5005, TagId=13, Request=下次旅行就到西方去吧。
Order Lang: SpecialGuest=5005, TagId=28, Request=晚上不适宜吃得太饱。
Order Lang: SpecialGuest=5005, TagId=1, Request=水产食物是优质蛋白质的重要来源之一。
Order Lang: SpecialGuest=5005, TagId=20, Request=我想要适合发博客的料理。
Order Lang: SpecialGuest=5012, TagId=4, Request=高级感是一种能让人感到极富品质感的体验。
Order Lang: SpecialGuest=5012, TagId=3, Request=家就是能让你睡个好觉的地方。
Order Lang: SpecialGuest=5012, TagId=5, Request=“传说”催生了妖怪。
Order Lang: SpecialGuest=5012, TagId=32, Request=听说过“汤水养人”吗？
Order Lang: SpecialGuest=5012, TagId=24, Request=我的隙间哪里猎奇了哟～
Order Lang: SpecialGuest=5012, TagId=21, Request=呆在伞下很凉快哦～
Order Lang: SpecialGuest=5012, TagId=20, Request=食之品相也十分重要。
Order Lang: SpecialGuest=9000, TagId=7, Request=那些我最爱的东西——水和风都是没有味道的。
Order Lang: SpecialGuest=9000, TagId=17, Request=甜味是这个世界上最本质、最美好的味道。
Order Lang: SpecialGuest=9000, TagId=21, Request=我最喜欢湖面微凉的清风流过的感觉了。
Order Lang: SpecialGuest=9000, TagId=28, Request=整个世界的话，大概…只会比雾之湖大一点吧？
Order Lang: SpecialGuest=9000, TagId=31, Request=我们妖精偶尔会去湖畔果树林摘点果子吃。
Order Lang: SpecialGuest=9001, TagId=0, Request=纯种恶魔自然是要吃肉的！
Order Lang: SpecialGuest=9001, TagId=5, Request=高贵的，强大的恶魔血统自然需要最珍贵的料理！
Order Lang: SpecialGuest=9001, TagId=8, Request=带劲的酒精可以触动恶魔的内心…不过需要一道好菜配合。
Order Lang: SpecialGuest=9001, TagId=13, Request=帕秋莉她最喜欢的味道就是这种外国风味…这次让本姑娘也试试。
Order Lang: SpecialGuest=9001, TagId=17, Request=书上说糖分可以快速补充因施法损耗的体力…才不是嘴馋呢。
Order Lang: SpecialGuest=9001, TagId=33, Request=图书馆严禁烟火，好不容易有了机会，本姑娘可得尝尝烧烤的滋味。
Order Lang: SpecialGuest=9001, TagId=34, Request=带点辣味的东西才能刺激本姑娘的味蕾！
Order Lang: SpecialGuest=9002, TagId=18, Request=没有做熟的食物和血散发着同一种味道呢。
Order Lang: SpecialGuest=9002, TagId=19, Request=世界肯定比我的房间大的多了！有什么有趣的东西吗？
Order Lang: SpecialGuest=9002, TagId=20, Request=外面的世界好美……好想多记住一些。
Order Lang: SpecialGuest=9002, TagId=22, Request=姐姐从来不让我见到热辣辣的太阳，真好奇，好好奇呀。
Order Lang: SpecialGuest=9002, TagId=24, Request=可爱的玩偶总会玩腻的……想来点不一样的……
Order Lang: SpecialGuest=9002, TagId=27, Request=有什么东西能比带着魔法的女仆长更神奇吗？
Order Lang: SpecialGuest=9002, TagId=34, Request=辣味是一种痛觉哦，喜欢！
Order Lang: SpecialGuest=9003, TagId=3, Request=如果拒绝接触家常些的东西的话，生命就会与现实疏离开来。
Order Lang: SpecialGuest=9003, TagId=5, Request=传说中的那些故事，在遥远的过去可能真实存在过。
Order Lang: SpecialGuest=9003, TagId=25, Request=即使拥有无限的生命，人的阅历也短于文明的尺度。
Order Lang: SpecialGuest=9003, TagId=29, Request=蝴蝶梦，梦蝴蝶……梦幻如现实，现实如梦幻。
Order Lang: SpecialGuest=9003, TagId=30, Request=穷尽天文的脑力，也不可能明晰整个世界的变数。在某个角落，总会藏着独特的惊喜。
Order Lang: SpecialGuest=9003, TagId=4001, Request=微毒的食物很多可以入药，人们总是忘记这一点。
Order Lang: SpecialGuest=9004, TagId=3, Request=平时梦子酱准备的料理都充满了家乡的味道呢
Order Lang: SpecialGuest=9004, TagId=4, Request=本魔神的用餐当然要高级感满满！
Order Lang: SpecialGuest=9004, TagId=5, Request=传说，曾有一位外界的高僧被封印在魔界……
Order Lang: SpecialGuest=9004, TagId=13, Request=爱丽丝，露易兹……我引以为傲的作品们都充满了西方色彩呢。
Order Lang: SpecialGuest=9004, TagId=17, Request=我的发圈看上去像樱桃一样甜，可惜不能吃
Order Lang: SpecialGuest=9004, TagId=27, Request=我所在的魔界也被称作不可思议之国哦！
Order Lang: SpecialGuest=9004, TagId=29, Request=甜美梦幻的童话世界，说的就是魔界呢
Order Lang: SpecialGuest=10000, TagId=-2, Request=需要节省一些钱用于牧场的经营呢……
Order Lang: SpecialGuest=10000, TagId=17, Request=甜美的味道，能让人忘却忧伤。
Order Lang: SpecialGuest=10000, TagId=21, Request=像秋天一样凉爽的食物，也是一个不错的选择呢。
Order Lang: SpecialGuest=10000, TagId=23, Request=制造落叶可是很辛苦的……才不是因为踹不动树呢。
Order Lang: SpecialGuest=10000, TagId=25, Request=自古逢秋悲寂寥……
Order Lang: SpecialGuest=10001, TagId=-2, Request=有时候价格高昂的食品会让人望而止步哦。
Order Lang: SpecialGuest=10001, TagId=3, Request=家常菜也是很美味的。
Order Lang: SpecialGuest=10001, TagId=9, Request=食物的存在，就是为了能够让人们填饱肚子啊。
Order Lang: SpecialGuest=10001, TagId=17, Request=要是有能像烤红薯一样甜美的食物就好了。
Order Lang: SpecialGuest=10001, TagId=33, Request=用火烤制出来的食物，一般都不会难吃吧。
Order Lang: SpecialGuest=10002, TagId=-1, Request=请提供能让我给紫大人和橙打包一份回去的量。
Order Lang: SpecialGuest=10002, TagId=4, Request=八云家吃的东西多少是要高级一些的。
Order Lang: SpecialGuest=10002, TagId=5, Request=狐妖在这片土地上可是创造了许多传说的。
Order Lang: SpecialGuest=10002, TagId=6, Request=油炸豆腐虽然很好吃，但是偶尔也想吃点别的炸货。
Order Lang: SpecialGuest=10002, TagId=10, Request=水会弄湿衣服和尾巴，还是山比较让人喜欢。
Order Lang: SpecialGuest=10002, TagId=12, Request=狐狸可是和风的重要组成部分哦。
Order Lang: SpecialGuest=10002, TagId=23, Request=侍奉紫大人真是累人呀……
Order Lang: SpecialGuest=10002, TagId=27, Request=我的智慧，连三途川的长度都能计算出来。是不是很不可思议？
Order Lang: SpecialGuest=11000, TagId=-1, Request=囤积的食材还有很多，不如全部拿来做成一道丰盛的大餐吧！
Order Lang: SpecialGuest=11000, TagId=0, Request=我还在长身体哦！神绮大人说过，多吃牛肉才能有力气！
Order Lang: SpecialGuest=11000, TagId=9, Request=只有吃得饱饱的，才有力气继续收集食材！
Order Lang: SpecialGuest=11000, TagId=16, Request=我还在长身体哦！神绮大人说过，多喝鲜牛奶才能变聪明！
Order Lang: SpecialGuest=11000, TagId=17, Request=芝士蛋糕、马卡龙、提拉米苏……有好多好多我想吃的甜点！
Order Lang: SpecialGuest=11000, TagId=22, Request=神绮大人说过，吃饭要趁热全部吃完！
Order Lang: SpecialGuest=11000, TagId=31, Request=蜜瓜芭菲、草莓慕斯、苹果派……这些我爱吃的糕点之间有什么共同点呢？
Order Lang: SpecialGuest=11000, TagId=34, Request=作为见习火系魔法使，忍耐辛辣的食物也是修行的一部分！
Order Lang: SpecialGuest=11001, TagId=2, Request=我喜欢吃蔬菜，就像鸽子都喜欢吃玉米一样……只是举个例子而已！我又不是鸽子！
Order Lang: SpecialGuest=11001, TagId=7, Request=多吃重油辛辣的烧烤料理会变成笨蛋，因此我一般都吃清淡的料理。
Order Lang: SpecialGuest=11001, TagId=13, Request=神绮大人的料理水平虽然让人不敢恭维，但制作的西式糕点都非常美味呢。
Order Lang: SpecialGuest=11001, TagId=21, Request=作为修行中的冰系魔法使，靠近我就会感受到刺骨的寒冷哦。
Order Lang: SpecialGuest=11001, TagId=28, Request=吃饭只需要三分饱就足够了……才不是害怕长胖什么的。
Order Lang: SpecialGuest=11001, TagId=32, Request=自从不小心品鉴了雪推荐的油炸薯条之后，我就产生心理阴影了……再也不敢尝试浓汤以外的料理了。雪那家伙一点都不懂我呢。
